LogInit: Build: ++UE5+Release-5.8-CL-58210709
LogCsvProfiler: Display: Metadata set : engineversion="5.8.3-58210709+++UE5+Release-5.8"
[2026.10.08-18.00.01:000][  0]LogConfig: Applying CVar settings from Section [ViewDistanceQuality@3] File [Scalability]
[2026.10.08-18.00.01:000][  0]LogConfig: Applying CVar settings from Section [ShadowQuality@3] File [Scalability]
[2026.10.08-18.00.01:500][  0]LogRHI: RHI D3D12 with Feature Level SM6 is supported and will be used.
[2026.10.08-18.00.01:500][  0]LogRHI: RHI Adapter Info:
[2026.10.08-18.00.01:500][  0]LogRHI:             Name: NVIDIA GeForce RTX 5080
[2026.10.08-18.00.01:600][  0]LogCsvProfiler: Display: Metadata set : gpu="NVIDIA GeForce RTX 5080"
[2026.10.08-18.00.05:000][  0]LogLoad: LoadMap: /Game/Maps/TeddyEncounter?Name=Player
[2026.10.08-18.00.06:200][  0]LogLoad: Took 1.200000 seconds to LoadMap(/Game/Maps/TeddyEncounter)
[2026.10.08-18.00.09:000][  0]LogLoad: (Engine Initialization) Total time: 8.50 seconds
[2026.10.08-18.00.09:800][  0]t.MaxFPS = "0"
[2026.10.08-18.00.09:800][  0]r.VSync = "0"
[2026.10.08-18.00.09:800][  0]t.MaxFPS = "0"      LastSetBy: Console
[2026.10.08-18.00.09:800][  0]r.VSync = "0"      LastSetBy: Console
[2026.10.08-18.00.09:800][  0]sg.ViewDistanceQuality = "3"      LastSetBy: Scalability
[2026.10.08-18.00.09:800][  0]sg.AntiAliasingQuality = "3"      LastSetBy: Scalability
[2026.10.08-18.00.09:800][  0]sg.ShadowQuality = "3"      LastSetBy: Scalability
[2026.10.08-18.00.09:800][  0]sg.GlobalIlluminationQuality = "3"      LastSetBy: Scalability
[2026.10.08-18.00.09:800][  0]sg.ReflectionQuality = "3"      LastSetBy: Scalability
[2026.10.08-18.00.09:800][  0]sg.PostProcessQuality = "3"      LastSetBy: Scalability
[2026.10.08-18.00.09:800][  0]sg.TextureQuality = "3"      LastSetBy: Scalability
[2026.10.08-18.00.09:800][  0]sg.EffectsQuality = "3"      LastSetBy: Scalability
[2026.10.08-18.00.09:800][  0]sg.FoliageQuality = "3"      LastSetBy: Scalability
[2026.10.08-18.00.09:800][  0]sg.ShadingQuality = "3"      LastSetBy: Scalability
[2026.10.08-18.00.09:800][  0]sg.LandscapeQuality = "3"      LastSetBy: Scalability
[2026.10.08-18.00.10:000][  0]LogCsvProfiler: Display: Capture Starting
[2026.10.08-18.00.10:000][  0]LogCsvProfiler: Display: Capture started. CSV ID: 0123456789ABCDEF
[2026.10.08-18.00.11:500][  0]LogGarbage: 1.20 ms for Incremental GC - 3807 refs/ms while processing 4567 references from 89 objects  with 0 clusters
[2026.10.08-18.00.11:600][  0]LogGarbage: GC purged 120 objects (5000 -> 4880) in 0.900ms (1 iteration(s))
[2026.10.08-18.00.12:000][  0]LogShaderCompilers: Verbose: Worker (1/12): shaders left to compile 12
[2026.10.08-18.00.12:300][  0]LogShaderCompilers: Verbose: Worker (2/12): shaders left to compile 3
[2026.10.08-18.00.12:400][  0]LogShaderCompilers: Verbose: Worker (2/12): shaders left to compile 0
[2026.10.08-18.00.13:000][  0]LogGlobalStatus: UEngine::Browse Started Browse: "/Game/Maps/TeddyEncounter"
[2026.10.08-18.00.13:000][  0]LogLoad: LoadMap: /Game/Maps/TeddyEncounter
[2026.10.08-18.00.13:400][  0]LogLoad: Took 0.400000 seconds to LoadMap(/Game/Maps/TeddyEncounter)
[2026.10.08-18.00.14:000][  0]LogGarbage: 2.50 ms for Incremental GC - 2000 refs/ms while processing 5000 references from 95 objects  with 0 clusters
[2026.10.08-18.00.15:000][  0]LogGarbage: 0.80 ms for GC - 5000 refs/ms while processing 4000 references from 90 objects  with 0 clusters
[2026.10.08-18.00.17:500][  0]LogCsvProfiler: Display: CSVEvent "Cmd: csvprofile stop" [Frame 1300]
[2026.10.08-18.00.17:600][  0]LogCsvProfiler: Display: Capture Ended. Writing CSV to file : C:/Projects/to-deploy/horror-game/.tool-cache/unreal-user/Saved/Profiling/CSV/Profile(20261008_200010).csv
